16:06:29 **** Incremental Build of configuration Debug for project button_external_interrupt ****
make -j12 all 
arm-none-eabi-gcc "../Core/Src/main.c" -mcpu=cortex-m4 -std=gnu11 -g3 -DDEBUG -DUSE_HAL_DRIVER -DSTM32F401xE -c -I../Core/Inc -I../Drivers/STM32F4xx_HAL_Driver/Inc -I../Drivers/STM32F4xx_HAL_Driver/Inc/Legacy -I../Drivers/CMSIS/Device/ST/STM32F4xx/Include -I../Drivers/CMSIS/Include -O0 -ffunction-sections -fdata-sections -Wall -fstack-usage -fcyclomatic-complexity -MMD -MP -MF"Core/Src/main.d" -MT"Core/Src/main.o" --specs=nano.specs -mfpu=fpv4-sp-d16 -mfloat-abi=hard -mthumb -o "Core/Src/main.o"
arm-none-eabi-gcc -o "button_external_interrupt.elf" @"objects.list"   -mcpu=cortex-m4 -T"C:\Users\rithy\OneDrive\Desktop\STM32-CubeIDE\STM32-Code-Labs\button_external_interrupt\STM32F401RETX_FLASH.ld" --specs=nosys.specs -Wl,-Map="button_external_interrupt.map" -Wl,--gc-sections -static --specs=nano.specs -mfpu=fpv4-sp-d16 -mfloat-abi=hard -mthumb -Wl,--start-group -lc -lm -Wl,--end-group
Finished building target: button_external_interrupt.elf
 
arm-none-eabi-size   button_external_interrupt.elf 
arm-none-eabi-objdump -h -S  button_external_interrupt.elf  > "button_external_interrupt.list"
   text	   data	    bss	    dec	    hex	filename
   5984	     20	   1572	   7576	   1d98	button_external_interrupt.elf
Finished building: default.size.stdout
 
Finished building: button_external_interrupt.list
 
16:06:34 **** Incremental Build of configuration Debug for project button_external_interrupt ****
make -j12 all 
arm-none-eabi-size   button_external_interrupt.elf 
   text	   data	    bss	    dec	    hex	filename
   5984	     20	   1572	   7576	   1d98	button_external_interrupt.elf
Finished building: default.size.stdout
 
